Archive member included because of file (symbol)

c:/program files (x86)/atmel/atmel toolchain/avr8 gcc/native/3.4.2.1002/avr8-gnu-toolchain/bin/../lib/gcc/avr/4.7.2/avrxmega7\libgcc.a(_exit.o)
                              c:/program files (x86)/atmel/atmel toolchain/avr8 gcc/native/3.4.2.1002/avr8-gnu-toolchain/bin/../lib/gcc/avr/4.7.2/../../../../avr/lib/avrxmega7/crtx128a4u.o (exit)
c:/program files (x86)/atmel/atmel toolchain/avr8 gcc/native/3.4.2.1002/avr8-gnu-toolchain/bin/../lib/gcc/avr/4.7.2/avrxmega7\libgcc.a(_clear_bss.o)
                              TWI.o (__do_clear_bss)

Allocating common symbols
Common symbol       size              file

adc_result          0x2               TWI.o
twiMaster           0x15              TWI.o

Discarded input sections

 .bss           0x00000000        0x0 c:/program files (x86)/atmel/atmel toolchain/avr8 gcc/native/3.4.2.1002/avr8-gnu-toolchain/bin/../lib/gcc/avr/4.7.2/../../../../avr/lib/avrxmega7/crtx128a4u.o
 .text          0x00000000        0x0 clksys_driver.o
 .bss           0x00000000        0x0 clksys_driver.o
 .text.CCPWrite
                0x00000000       0x2a clksys_driver.o
 .text.CLKSYS_XOSC_Config
                0x00000000       0x16 clksys_driver.o
 .text.CLKSYS_PLL_Config
                0x00000000        0xc clksys_driver.o
 .text.CLKSYS_Disable
                0x00000000       0x14 clksys_driver.o
 .text.CLKSYS_Prescalers_Config
                0x00000000        0xc clksys_driver.o
 .text.CLKSYS_Main_ClockSource_Select
                0x00000000       0x26 clksys_driver.o
 .text.CLKSYS_RTC_ClockSource_Enable
                0x00000000       0x10 clksys_driver.o
 .text.CLKSYS_AutoCalibration_Enable
                0x00000000       0x2c clksys_driver.o
 .text.CLKSYS_XOSC_FailureDetection_Enable
                0x00000000        0xc clksys_driver.o
 .text.CLKSYS_Configuration_Lock
                0x00000000        0xc clksys_driver.o
 .text          0x00000000        0x0 My_ADC.o
 .bss           0x00000000        0x0 My_ADC.o
 .text          0x00000000        0x0 TC_driver.o
 .bss           0x00000000        0x0 TC_driver.o
 .text.TC1_ConfigClockSource
                0x00000000        0xc TC_driver.o
 .text.TC1_ConfigWGM
                0x00000000        0xc TC_driver.o
 .text.TC0_ConfigInputCapture
                0x00000000        0xe TC_driver.o
 .text.TC1_ConfigInputCapture
                0x00000000        0xe TC_driver.o
 .text.TC1_EnableCCChannels
                0x00000000        0xc TC_driver.o
 .text.TC0_DisableCCChannels
                0x00000000        0xe TC_driver.o
 .text.TC1_DisableCCChannels
                0x00000000        0xe TC_driver.o
 .text.TC0_SetOverflowIntLevel
                0x00000000        0xc TC_driver.o
 .text.TC1_SetOverflowIntLevel
                0x00000000        0xc TC_driver.o
 .text.TC0_SetErrorIntLevel
                0x00000000        0xc TC_driver.o
 .text.TC1_SetErrorIntLevel
                0x00000000        0xc TC_driver.o
 .text.TC0_SetCCAIntLevel
                0x00000000        0xc TC_driver.o
 .text.TC1_SetCCAIntLevel
                0x00000000        0xc TC_driver.o
 .text.TC0_SetCCBIntLevel
                0x00000000        0xc TC_driver.o
 .text.TC1_SetCCBIntLevel
                0x00000000        0xc TC_driver.o
 .text.TC0_SetCCCIntLevel
                0x00000000        0xc TC_driver.o
 .text.TC0_SetCCDIntLevel
                0x00000000        0xc TC_driver.o
 .text.TC0_Reset
                0x00000000        0xe TC_driver.o
 .text.TC1_Reset
                0x00000000        0xe TC_driver.o
 .text          0x00000000        0x0 TWI.o
 .bss           0x00000000        0x0 TWI.o
 .text.send_byte
                0x00000000       0x50 TWI.o
 .text          0x00000000        0x0 twi_master_driver.o
 .bss           0x00000000        0x0 twi_master_driver.o
 .text.TWI_MasterState
                0x00000000        0xc twi_master_driver.o
 .text.TWI_MasterReady
                0x00000000        0x8 twi_master_driver.o
 .text.TWI_MasterWriteRead
                0x00000000       0x88 twi_master_driver.o
 .text.TWI_MasterRead
                0x00000000       0x12 twi_master_driver.o
 .text.TWI_MasterWrite
                0x00000000        0xc twi_master_driver.o
 .text          0x00000000        0x0 twi_slave_driver.o
 .bss           0x00000000        0x0 twi_slave_driver.o
 .text.TWI_SlaveInitializeDriver
                0x00000000       0x16 twi_slave_driver.o
 .text.TWI_SlaveInitializeModule
                0x00000000       0x16 twi_slave_driver.o
 .text.TWI_SlaveTransactionFinished
                0x00000000        0x8 twi_slave_driver.o
 .text.TWI_SlaveWriteHandler
                0x00000000       0x66 twi_slave_driver.o
 .text.TWI_SlaveReadHandler
                0x00000000       0x6c twi_slave_driver.o
 .text.TWI_SlaveDataHandler
                0x00000000       0x18 twi_slave_driver.o
 .text.TWI_SlaveStopHandler
                0x00000000       0x20 twi_slave_driver.o
 .text.TWI_SlaveAddressMatchHandler
                0x00000000       0x42 twi_slave_driver.o
 .text.TWI_SlaveInterruptHandler
                0x00000000       0x60 twi_slave_driver.o
 .text          0x00000000        0x0 c:/program files (x86)/atmel/atmel toolchain/avr8 gcc/native/3.4.2.1002/avr8-gnu-toolchain/bin/../lib/gcc/avr/4.7.2/avrxmega7\libgcc.a(_exit.o)
 .bss           0x00000000        0x0 c:/program files (x86)/atmel/atmel toolchain/avr8 gcc/native/3.4.2.1002/avr8-gnu-toolchain/bin/../lib/gcc/avr/4.7.2/avrxmega7\libgcc.a(_exit.o)
 .text.libgcc.mul
                0x00000000        0x0 c:/program files (x86)/atmel/atmel toolchain/avr8 gcc/native/3.4.2.1002/avr8-gnu-toolchain/bin/../lib/gcc/avr/4.7.2/avrxmega7\libgcc.a(_exit.o)
 .text.libgcc.div
                0x00000000        0x0 c:/program files (x86)/atmel/atmel toolchain/avr8 gcc/native/3.4.2.1002/avr8-gnu-toolchain/bin/../lib/gcc/avr/4.7.2/avrxmega7\libgcc.a(_exit.o)
 .text.libgcc   0x00000000        0x0 c:/program files (x86)/atmel/atmel toolchain/avr8 gcc/native/3.4.2.1002/avr8-gnu-toolchain/bin/../lib/gcc/avr/4.7.2/avrxmega7\libgcc.a(_exit.o)
 .text.libgcc.prologue
                0x00000000        0x0 c:/program files (x86)/atmel/atmel toolchain/avr8 gcc/native/3.4.2.1002/avr8-gnu-toolchain/bin/../lib/gcc/avr/4.7.2/avrxmega7\libgcc.a(_exit.o)
 .text.libgcc.builtins
                0x00000000        0x0 c:/program files (x86)/atmel/atmel toolchain/avr8 gcc/native/3.4.2.1002/avr8-gnu-toolchain/bin/../lib/gcc/avr/4.7.2/avrxmega7\libgcc.a(_exit.o)
 .text.libgcc.fmul
                0x00000000        0x0 c:/program files (x86)/atmel/atmel toolchain/avr8 gcc/native/3.4.2.1002/avr8-gnu-toolchain/bin/../lib/gcc/avr/4.7.2/avrxmega7\libgcc.a(_exit.o)
 .text          0x00000000        0x0 c:/program files (x86)/atmel/atmel toolchain/avr8 gcc/native/3.4.2.1002/avr8-gnu-toolchain/bin/../lib/gcc/avr/4.7.2/avrxmega7\libgcc.a(_clear_bss.o)
 .bss           0x00000000        0x0 c:/program files (x86)/atmel/atmel toolchain/avr8 gcc/native/3.4.2.1002/avr8-gnu-toolchain/bin/../lib/gcc/avr/4.7.2/avrxmega7\libgcc.a(_clear_bss.o)
 .text.libgcc.mul
                0x00000000        0x0 c:/program files (x86)/atmel/atmel toolchain/avr8 gcc/native/3.4.2.1002/avr8-gnu-toolchain/bin/../lib/gcc/avr/4.7.2/avrxmega7\libgcc.a(_clear_bss.o)
 .text.libgcc.div
                0x00000000        0x0 c:/program files (x86)/atmel/atmel toolchain/avr8 gcc/native/3.4.2.1002/avr8-gnu-toolchain/bin/../lib/gcc/avr/4.7.2/avrxmega7\libgcc.a(_clear_bss.o)
 .text.libgcc   0x00000000        0x0 c:/program files (x86)/atmel/atmel toolchain/avr8 gcc/native/3.4.2.1002/avr8-gnu-toolchain/bin/../lib/gcc/avr/4.7.2/avrxmega7\libgcc.a(_clear_bss.o)
 .text.libgcc.prologue
                0x00000000        0x0 c:/program files (x86)/atmel/atmel toolchain/avr8 gcc/native/3.4.2.1002/avr8-gnu-toolchain/bin/../lib/gcc/avr/4.7.2/avrxmega7\libgcc.a(_clear_bss.o)
 .text.libgcc.builtins
                0x00000000        0x0 c:/program files (x86)/atmel/atmel toolchain/avr8 gcc/native/3.4.2.1002/avr8-gnu-toolchain/bin/../lib/gcc/avr/4.7.2/avrxmega7\libgcc.a(_clear_bss.o)
 .text.libgcc.fmul
                0x00000000        0x0 c:/program files (x86)/atmel/atmel toolchain/avr8 gcc/native/3.4.2.1002/avr8-gnu-toolchain/bin/../lib/gcc/avr/4.7.2/avrxmega7\libgcc.a(_clear_bss.o)

Memory Configuration

Name             Origin             Length             Attributes
text             0x00000000         0x00100000         xr
data             0x00802000         0x0000ffa0         rw !x
eeprom           0x00810000         0x00010000         rw !x
fuse             0x00820000         0x00000400         rw !x
lock             0x00830000         0x00000400         rw !x
signature        0x00840000         0x00000400         rw !x
user_signatures  0x00850000         0x00000400         rw !x
*default*        0x00000000         0xffffffff

Linker script and memory map

LOAD c:/program files (x86)/atmel/atmel toolchain/avr8 gcc/native/3.4.2.1002/avr8-gnu-toolchain/bin/../lib/gcc/avr/4.7.2/../../../../avr/lib/avrxmega7/crtx128a4u.o
LOAD clksys_driver.o
LOAD My_ADC.o
LOAD TC_driver.o
LOAD TWI.o
LOAD twi_master_driver.o
LOAD twi_slave_driver.o
START GROUP
LOAD c:/program files (x86)/atmel/atmel toolchain/avr8 gcc/native/3.4.2.1002/avr8-gnu-toolchain/bin/../lib/gcc/avr/4.7.2/../../../../avr/lib/avrxmega7\libm.a
END GROUP
LOAD c:/program files (x86)/atmel/atmel toolchain/avr8 gcc/native/3.4.2.1002/avr8-gnu-toolchain/bin/../lib/gcc/avr/4.7.2/avrxmega7\libgcc.a
LOAD c:/program files (x86)/atmel/atmel toolchain/avr8 gcc/native/3.4.2.1002/avr8-gnu-toolchain/bin/../lib/gcc/avr/4.7.2/../../../../avr/lib/avrxmega7\libc.a
LOAD c:/program files (x86)/atmel/atmel toolchain/avr8 gcc/native/3.4.2.1002/avr8-gnu-toolchain/bin/../lib/gcc/avr/4.7.2/avrxmega7\libgcc.a

.hash
 *(.hash)

.dynsym
 *(.dynsym)

.dynstr
 *(.dynstr)

.gnu.version
 *(.gnu.version)

.gnu.version_d
 *(.gnu.version_d)

.gnu.version_r
 *(.gnu.version_r)

.rel.init
 *(.rel.init)

.rela.init
 *(.rela.init)

.rel.text
 *(.rel.text)
 *(.rel.text.*)
 *(.rel.gnu.linkonce.t*)

.rela.text
 *(.rela.text)
 *(.rela.text.*)
 *(.rela.gnu.linkonce.t*)

.rel.fini
 *(.rel.fini)

.rela.fini
 *(.rela.fini)

.rel.rodata
 *(.rel.rodata)
 *(.rel.rodata.*)
 *(.rel.gnu.linkonce.r*)

.rela.rodata
 *(.rela.rodata)
 *(.rela.rodata.*)
 *(.rela.gnu.linkonce.r*)

.rel.data
 *(.rel.data)
 *(.rel.data.*)
 *(.rel.gnu.linkonce.d*)

.rela.data
 *(.rela.data)
 *(.rela.data.*)
 *(.rela.gnu.linkonce.d*)

.rel.ctors
 *(.rel.ctors)

.rela.ctors
 *(.rela.ctors)

.rel.dtors
 *(.rel.dtors)

.rela.dtors
 *(.rela.dtors)

.rel.got
 *(.rel.got)

.rela.got
 *(.rela.got)

.rel.bss
 *(.rel.bss)

.rela.bss
 *(.rela.bss)

.rel.plt
 *(.rel.plt)

.rela.plt
 *(.rela.plt)

.text           0x00000000      0x6a8
 *(.vectors)
 .vectors       0x00000000      0x1fc c:/program files (x86)/atmel/atmel toolchain/avr8 gcc/native/3.4.2.1002/avr8-gnu-toolchain/bin/../lib/gcc/avr/4.7.2/../../../../avr/lib/avrxmega7/crtx128a4u.o
                0x00000000                __vector_default
                0x00000000                __vectors
 *(.vectors)
 *(.progmem.gcc*)
 *(.progmem*)
                0x000001fc                . = ALIGN (0x2)
                0x000001fc                __trampolines_start = .
 *(.trampolines)
 .trampolines   0x000001fc        0x0 linker stubs
 *(.trampolines*)
                0x000001fc                __trampolines_end = .
 *(.jumptables)
 *(.jumptables*)
 *(.lowtext)
 *(.lowtext*)
                0x000001fc                __ctors_start = .
 *(.ctors)
                0x000001fc                __ctors_end = .
                0x000001fc                __dtors_start = .
 *(.dtors)
                0x000001fc                __dtors_end = .
 SORT(*)(.ctors)
 SORT(*)(.dtors)
 *(.init0)
 .init0         0x000001fc        0x0 c:/program files (x86)/atmel/atmel toolchain/avr8 gcc/native/3.4.2.1002/avr8-gnu-toolchain/bin/../lib/gcc/avr/4.7.2/../../../../avr/lib/avrxmega7/crtx128a4u.o
                0x000001fc                __init
 *(.init0)
 *(.init1)
 *(.init1)
 *(.init2)
 .init2         0x000001fc       0x18 c:/program files (x86)/atmel/atmel toolchain/avr8 gcc/native/3.4.2.1002/avr8-gnu-toolchain/bin/../lib/gcc/avr/4.7.2/../../../../avr/lib/avrxmega7/crtx128a4u.o
 *(.init2)
 *(.init3)
 *(.init3)
 *(.init4)
 .init4         0x00000214       0x10 c:/program files (x86)/atmel/atmel toolchain/avr8 gcc/native/3.4.2.1002/avr8-gnu-toolchain/bin/../lib/gcc/avr/4.7.2/avrxmega7\libgcc.a(_clear_bss.o)
                0x00000214                __do_clear_bss
 *(.init4)
 *(.init5)
 *(.init5)
 *(.init6)
 *(.init6)
 *(.init7)
 *(.init7)
 *(.init8)
 *(.init8)
 *(.init9)
 .init9         0x00000224        0x4 c:/program files (x86)/atmel/atmel toolchain/avr8 gcc/native/3.4.2.1002/avr8-gnu-toolchain/bin/../lib/gcc/avr/4.7.2/../../../../avr/lib/avrxmega7/crtx128a4u.o
 *(.init9)
 *(.text)
 .text          0x00000228        0x2 c:/program files (x86)/atmel/atmel toolchain/avr8 gcc/native/3.4.2.1002/avr8-gnu-toolchain/bin/../lib/gcc/avr/4.7.2/../../../../avr/lib/avrxmega7/crtx128a4u.o
                0x00000228                __vector_38
                0x00000228                __vector_104
                0x00000228                __vector_22
                0x00000228                __vector_63
                0x00000228                __vector_28
                0x00000228                __vector_67
                0x00000228                __vector_1
                0x00000228                __vector_119
                0x00000228                __vector_32
                0x00000228                __vector_75
                0x00000228                __vector_91
                0x00000228                __vector_34
                0x00000228                __vector_62
                0x00000228                __vector_77
                0x00000228                __vector_102
                0x00000228                __vector_24
                0x00000228                __vector_12
                0x00000228                __vector_55
                0x00000228                __vector_69
                0x00000228                __vector_81
                0x00000228                __vector_90
                0x00000228                __vector_46
                0x00000228                __bad_interrupt
                0x00000228                __vector_122
                0x00000228                __vector_72
                0x00000228                __vector_114
                0x00000228                __vector_6
                0x00000228                __vector_110
                0x00000228                __vector_31
                0x00000228                __vector_92
                0x00000228                __vector_35
                0x00000228                __vector_78
                0x00000228                __vector_74
                0x00000228                __vector_117
                0x00000228                __vector_39
                0x00000228                __vector_107
                0x00000228                __vector_3
                0x00000228                __vector_105
                0x00000228                __vector_98
                0x00000228                __vector_23
                0x00000228                __vector_68
                0x00000228                __vector_30
                0x00000228                __vector_73
                0x00000228                __vector_45
                0x00000228                __vector_25
                0x00000228                __vector_93
                0x00000228                __vector_61
                0x00000228                __vector_11
                0x00000228                __vector_54
                0x00000228                __vector_99
                0x00000228                __vector_17
                0x00000228                __vector_19
                0x00000228                __vector_56
                0x00000228                __vector_7
                0x00000228                __vector_125
                0x00000228                __vector_49
                0x00000228                __vector_123
                0x00000228                __vector_41
                0x00000228                __vector_86
                0x00000228                __vector_100
                0x00000228                __vector_101
                0x00000228                __vector_64
                0x00000228                __vector_88
                0x00000228                __vector_109
                0x00000228                __vector_43
                0x00000228                __vector_27
                0x00000228                __vector_5
                0x00000228                __vector_113
                0x00000228                __vector_33
                0x00000228                __vector_76
                0x00000228                __vector_115
                0x00000228                __vector_47
                0x00000228                __vector_52
                0x00000228                __vector_37
                0x00000228                __vector_95
                0x00000228                __vector_103
                0x00000228                __vector_96
                0x00000228                __vector_89
                0x00000228                __vector_108
                0x00000228                __vector_4
                0x00000228                __vector_44
                0x00000228                __vector_82
                0x00000228                __vector_106
                0x00000228                __vector_118
                0x00000228                __vector_51
                0x00000228                __vector_9
                0x00000228                __vector_2
                0x00000228                __vector_21
                0x00000228                __vector_15
                0x00000228                __vector_66
                0x00000228                __vector_36
                0x00000228                __vector_79
                0x00000228                __vector_58
                0x00000228                __vector_70
                0x00000228                __vector_83
                0x00000228                __vector_29
                0x00000228                __vector_60
                0x00000228                __vector_121
                0x00000228                __vector_40
                0x00000228                __vector_85
                0x00000228                __vector_94
                0x00000228                __vector_126
                0x00000228                __vector_8
                0x00000228                __vector_26
                0x00000228                __vector_48
                0x00000228                __vector_124
                0x00000228                __vector_116
                0x00000228                __vector_112
                0x00000228                __vector_111
                0x00000228                __vector_80
                0x00000228                __vector_14
                0x00000228                __vector_84
                0x00000228                __vector_57
                0x00000228                __vector_53
                0x00000228                __vector_10
                0x00000228                __vector_50
                0x00000228                __vector_16
                0x00000228                __vector_59
                0x00000228                __vector_18
                0x00000228                __vector_97
                0x00000228                __vector_20
                0x00000228                __vector_42
                0x00000228                __vector_87
                0x00000228                __vector_65
                0x00000228                __vector_120
                0x0000022a                . = ALIGN (0x2)
 *(.text.*)
 .text.ReadCalibrationByte
                0x0000022a       0x12 My_ADC.o
                0x0000022a                ReadCalibrationByte
 .text.adc_init
                0x0000023c       0x4c My_ADC.o
                0x0000023c                adc_init
 .text.TC0_ConfigClockSource
                0x00000288        0xc TC_driver.o
                0x00000288                TC0_ConfigClockSource
 .text.TC0_ConfigWGM
                0x00000294        0xc TC_driver.o
                0x00000294                TC0_ConfigWGM
 .text.TC0_EnableCCChannels
                0x000002a0        0xc TC_driver.o
                0x000002a0                TC0_EnableCCChannels
 .text.send_high
                0x000002ac       0x20 TWI.o
                0x000002ac                send_high
 .text.send_low
                0x000002cc       0x1c TWI.o
                0x000002cc                send_low
 .text.send_high_manchester
                0x000002e8        0x4 TWI.o
                0x000002e8                send_high_manchester
 .text.send_low_manchester
                0x000002ec        0x4 TWI.o
                0x000002ec                send_low_manchester
 .text.send_byte_manchester
                0x000002f0       0x4c TWI.o
                0x000002f0                send_byte_manchester
 .text.__vector_71
                0x0000033c       0x4e TWI.o
                0x0000033c                __vector_71
 .text.main     0x0000038a      0x17a TWI.o
                0x0000038a                main
 .text.__vector_13
                0x00000504       0x68 TWI.o
                0x00000504                __vector_13
 .text.TWI_MasterInit
                0x0000056c       0x22 twi_master_driver.o
                0x0000056c                TWI_MasterInit
 .text.TWI_MasterArbitrationLostBusErrorHandler
                0x0000058e       0x24 twi_master_driver.o
                0x0000058e                TWI_MasterArbitrationLostBusErrorHandler
 .text.TWI_MasterTransactionFinished
                0x000005b2        0x8 twi_master_driver.o
                0x000005b2                TWI_MasterTransactionFinished
 .text.TWI_MasterReadHandler
                0x000005ba       0x66 twi_master_driver.o
                0x000005ba                TWI_MasterReadHandler
 .text.TWI_MasterWriteHandler
                0x00000620       0x64 twi_master_driver.o
                0x00000620                TWI_MasterWriteHandler
 .text.TWI_MasterInterruptHandler
                0x00000684       0x20 twi_master_driver.o
                0x00000684                TWI_MasterInterruptHandler
                0x000006a4                . = ALIGN (0x2)
 *(.fini9)
 .fini9         0x000006a4        0x0 c:/program files (x86)/atmel/atmel toolchain/avr8 gcc/native/3.4.2.1002/avr8-gnu-toolchain/bin/../lib/gcc/avr/4.7.2/avrxmega7\libgcc.a(_exit.o)
                0x000006a4                _exit
                0x000006a4                exit
 *(.fini9)
 *(.fini8)
 *(.fini8)
 *(.fini7)
 *(.fini7)
 *(.fini6)
 *(.fini6)
 *(.fini5)
 *(.fini5)
 *(.fini4)
 *(.fini4)
 *(.fini3)
 *(.fini3)
 *(.fini2)
 *(.fini2)
 *(.fini1)
 *(.fini1)
 *(.fini0)
 .fini0         0x000006a4        0x4 c:/program files (x86)/atmel/atmel toolchain/avr8 gcc/native/3.4.2.1002/avr8-gnu-toolchain/bin/../lib/gcc/avr/4.7.2/avrxmega7\libgcc.a(_exit.o)
 *(.fini0)
                0x000006a8                _etext = .

.data           0x00802000        0x0 load address 0x000006a8
                0x00802000                PROVIDE (__data_start, .)
 *(.data)
 .data          0x00802000        0x0 c:/program files (x86)/atmel/atmel toolchain/avr8 gcc/native/3.4.2.1002/avr8-gnu-toolchain/bin/../lib/gcc/avr/4.7.2/../../../../avr/lib/avrxmega7/crtx128a4u.o
 .data          0x00802000        0x0 clksys_driver.o
 .data          0x00802000        0x0 My_ADC.o
 .data          0x00802000        0x0 TC_driver.o
 .data          0x00802000        0x0 TWI.o
 .data          0x00802000        0x0 twi_master_driver.o
 .data          0x00802000        0x0 twi_slave_driver.o
 .data          0x00802000        0x0 c:/program files (x86)/atmel/atmel toolchain/avr8 gcc/native/3.4.2.1002/avr8-gnu-toolchain/bin/../lib/gcc/avr/4.7.2/avrxmega7\libgcc.a(_exit.o)
 .data          0x00802000        0x0 c:/program files (x86)/atmel/atmel toolchain/avr8 gcc/native/3.4.2.1002/avr8-gnu-toolchain/bin/../lib/gcc/avr/4.7.2/avrxmega7\libgcc.a(_clear_bss.o)
 *(.data*)
 *(.rodata)
 *(.rodata*)
 *(.gnu.linkonce.d*)
                0x00802000                . = ALIGN (0x2)
                0x00802000                _edata = .
                0x00802000                PROVIDE (__data_end, .)

.bss            0x00802000       0x18
                0x00802000                PROVIDE (__bss_start, .)
 *(.bss)
 *(.bss*)
 .bss.result_flag
                0x00802000        0x1 TWI.o
                0x00802000                result_flag
 *(COMMON)
 COMMON         0x00802001       0x17 TWI.o
                0x00802001                adc_result
                0x00802003                twiMaster
                0x00802018                PROVIDE (__bss_end, .)
                0x000006a8                __data_load_start = LOADADDR (.data)
                0x000006a8                __data_load_end = (__data_load_start + SIZEOF (.data))

.noinit         0x00802018        0x0
                0x00802018                PROVIDE (__noinit_start, .)
 *(.noinit*)
                0x00802018                PROVIDE (__noinit_end, .)
                0x00802018                _end = .
                0x00802018                PROVIDE (__heap_start, .)

.eeprom         0x00810000        0x0
 *(.eeprom*)
                0x00810000                __eeprom_end = .

.fuse
 *(.fuse)
 *(.lfuse)
 *(.hfuse)
 *(.efuse)

.lock
 *(.lock*)

.signature
 *(.signature*)

.user_signatures
 *(.user_signatures*)

.stab           0x00000000      0x714
 *(.stab)
 .stab          0x00000000      0x714 c:/program files (x86)/atmel/atmel toolchain/avr8 gcc/native/3.4.2.1002/avr8-gnu-toolchain/bin/../lib/gcc/avr/4.7.2/../../../../avr/lib/avrxmega7/crtx128a4u.o

.stabstr        0x00000000       0x97
 *(.stabstr)
 .stabstr       0x00000000       0x97 c:/program files (x86)/atmel/atmel toolchain/avr8 gcc/native/3.4.2.1002/avr8-gnu-toolchain/bin/../lib/gcc/avr/4.7.2/../../../../avr/lib/avrxmega7/crtx128a4u.o

.stab.excl
 *(.stab.excl)

.stab.exclstr
 *(.stab.exclstr)

.stab.index
 *(.stab.index)

.stab.indexstr
 *(.stab.indexstr)

.comment        0x00000000       0x2f
 *(.comment)
 .comment       0x00000000       0x2f clksys_driver.o
                                 0x30 (size before relaxing)
 .comment       0x00000000       0x30 My_ADC.o
 .comment       0x00000000       0x30 TC_driver.o
 .comment       0x00000000       0x30 TWI.o
 .comment       0x00000000       0x30 twi_master_driver.o
 .comment       0x00000000       0x30 twi_slave_driver.o

.debug
 *(.debug)

.line
 *(.line)

.debug_srcinfo
 *(.debug_srcinfo)

.debug_sfnames
 *(.debug_sfnames)

.debug_aranges  0x00000000      0x288
 *(.debug_aranges)
 .debug_aranges
                0x00000000       0x68 clksys_driver.o
 .debug_aranges
                0x00000068       0x28 My_ADC.o
 .debug_aranges
                0x00000090       0xc8 TC_driver.o
 .debug_aranges
                0x00000158       0x60 TWI.o
 .debug_aranges
                0x000001b8       0x70 twi_master_driver.o
 .debug_aranges
                0x00000228       0x60 twi_slave_driver.o

.debug_pubnames
 *(.debug_pubnames)

.debug_info     0x00000000     0x4403
 *(.debug_info)
 .debug_info    0x00000000      0x645 clksys_driver.o
 .debug_info    0x00000645      0x6bf My_ADC.o
 .debug_info    0x00000d04     0x1315 TC_driver.o
 .debug_info    0x00002019     0x14e5 TWI.o
 .debug_info    0x000034fe      0x856 twi_master_driver.o
 .debug_info    0x00003d54      0x6af twi_slave_driver.o
 *(.gnu.linkonce.wi.*)

.debug_abbrev   0x00000000      0xb9b
 *(.debug_abbrev)
 .debug_abbrev  0x00000000      0x1c8 clksys_driver.o
 .debug_abbrev  0x000001c8      0x182 My_ADC.o
 .debug_abbrev  0x0000034a      0x176 TC_driver.o
 .debug_abbrev  0x000004c0      0x286 TWI.o
 .debug_abbrev  0x00000746      0x242 twi_master_driver.o
 .debug_abbrev  0x00000988      0x213 twi_slave_driver.o

.debug_line     0x00000000     0x14f2
 *(.debug_line)
 .debug_line    0x00000000      0x2b8 clksys_driver.o
 .debug_line    0x000002b8      0x1f5 My_ADC.o
 .debug_line    0x000004ad      0x39b TC_driver.o
 .debug_line    0x00000848      0x470 TWI.o
 .debug_line    0x00000cb8      0x44b twi_master_driver.o
 .debug_line    0x00001103      0x3ef twi_slave_driver.o

.debug_frame    0x00000000      0x594
 *(.debug_frame)
 .debug_frame   0x00000000       0xdc clksys_driver.o
 .debug_frame   0x000000dc       0x40 My_ADC.o
 .debug_frame   0x0000011c      0x174 TC_driver.o
 .debug_frame   0x00000290      0x14c TWI.o
 .debug_frame   0x000003dc       0xfc twi_master_driver.o
 .debug_frame   0x000004d8       0xbc twi_slave_driver.o

.debug_str      0x00000000     0x21df
 *(.debug_str)
 .debug_str     0x00000000      0x6d9 clksys_driver.o
                                0x719 (size before relaxing)
 .debug_str     0x000006d9      0x5e4 My_ADC.o
                                0x6a4 (size before relaxing)
 .debug_str     0x00000cbd      0xaab TC_driver.o
                                0xc15 (size before relaxing)
 .debug_str     0x00001768      0x468 TWI.o
                                0xbc2 (size before relaxing)
 .debug_str     0x00001bd0      0x312 twi_master_driver.o
                                0x5b2 (size before relaxing)
 .debug_str     0x00001ee2      0x2fd twi_slave_driver.o
                                0x4a0 (size before relaxing)

.debug_loc      0x00000000     0x14f0
 *(.debug_loc)
 .debug_loc     0x00000000      0x2b6 clksys_driver.o
 .debug_loc     0x000002b6       0x75 My_ADC.o
 .debug_loc     0x0000032b      0x378 TC_driver.o
 .debug_loc     0x000006a3      0x4eb TWI.o
 .debug_loc     0x00000b8e      0x622 twi_master_driver.o
 .debug_loc     0x000011b0      0x340 twi_slave_driver.o

.debug_macinfo
 *(.debug_macinfo)

.debug_pubtypes
 *(.debug_pubtypes)

.debug_ranges   0x00000000      0x248
 *(.debug_ranges)
 .debug_ranges  0x00000000       0x58 clksys_driver.o
 .debug_ranges  0x00000058       0x18 My_ADC.o
 .debug_ranges  0x00000070       0xb8 TC_driver.o
 .debug_ranges  0x00000128       0x70 TWI.o
 .debug_ranges  0x00000198       0x60 twi_master_driver.o
 .debug_ranges  0x000001f8       0x50 twi_slave_driver.o

.debug_macro
 *(.debug_macro)
OUTPUT(TWI.elf elf32-avr)
LOAD linker stubs
